 FRESCO - FRES 3.0: Coupled Reaction Channels
 Assuming NAMELIST input.

 39Ca(d,p)40Ca finite-range dp with deuteron d-state by RSC                      

   0.050  12.000   0.500   0.100   3.000   0.000   0.000   0.000   0.000   0.000

 Centre-of-mass Range is    242 * 0.0500 fm., Maximum at  12.00 fm., Interpolating NL forms every  0.50 fm.
 Non - locality width is     31 * 0.1000 fm., Maximum of   3.00 fm., Centred at  0.00 fm.
 2-Nucleon Separation of      0 * 0.5000 fm., Maximum of   0.00 fm., Minimum at  0.00 fm.
 Maximum single particle bins of 12.0000 fm.
               M,Mint =  241 241


 Range of total J is     2.0 <= J <=     2.0 (at least     0.0) and Absorbtion =>    -1.0000 mb.
 Dry Run = F, CC set limits =  0  0, Relativistic kinematics =  , Both/Far/Near Analyses =  1

 Cross Sections (and up to T0 for 0=projectile) for Theta from   5.0 to 180.0 in steps of  5.0 degrees.  Coordinates = 0 (Mads)

 Lower Radial Cutoff = maximum of -1.60*L*h &       0.0 fm.,  Lower Cutoff for Couplings =   0.0  fm.


 Iterate Couplings between   0 and   1 times, to  0.050 % if sooner.                                          
  Block solved exactly =   0 chs., with Pade = 0 & Isocen =  =0, NOSOL = F, initwf =  0
  NL quadrature with   18 Gaussian points, Calculate multipoles up to     8 from   0
  M-transfers for lp+lt greater than or equal to  6, Angular Integration Cutoff below  2.7778 %


 Trace switches are :  CHANS =  5, LISTCC =  0, TRENEG =  3, CDETR =  0, SMATS =  2, XSTABL =  0, NLPL =  0

                       WAVES =  0, LAMPL =  0, VEFF =  1, KFUS =  0, WDISK =  0, BPM =  0, MELFIL =  0

                       CDCC =  0, NFUS =  0

 Using unit mass = 1.007335 amu and 1/fine-structure constant = 137.56480 ( 1.003859 * true ) with hc = 197.32705 MeV.fm,
  thus 2*amu/hbar^2 = 0.0481960 = 1/20.7486 and Coulomb constant = 0.1574544 so e^2 = 1.43443, and nuclear magneton= 0.1258756

 Now pre-scan input and save to file 3



 *********** PARTITION NUMBER  1 ******************************************************************************************

   PROJ=DEUTERON   MASS=  2.0141 Z=   1.0,        # STATES=    1T, TARG=CA-39    MASS= 39.0000 Z=  20.0,     Q-VALUE = -13.4100 MEV.

     1:  J= 1.0+ (B# 1), E=  0.0000, K= 0.0              Potl#  2       J= 0.0+ (B# 1), E=  2.4700, K= 0.0    


 *********** PARTITION NUMBER  2 ******************************************************************************************

   PROJ=PROTON     MASS=  1.0078 Z=   1.0,        # STATES=    1T, TARG=CA-40    MASS= 40.0000 Z=  20.0,     Q-VALUE =   0.0000 MEV.

     1:  J= 0.5+ (B# 1), E=  0.0000, K= 0.5              Potl#  1       J= 0.5- (B#-1), E=  0.0000, K= 0.5    
0****** WARNING : COMPARED WITH PARTITION  1, THIS PARTITION HAS TOTAL MASS & CHARGE EXCESSES   0.00810 &   0.0000


 ************************************************************************************************************************************

 The following POTENTIALS are defined :

  KP#       TYPE      IT    SHAPE      at     V1        r1        a1        V2        r2        a2        A-in     A-used


                                            A#1       A#2        r0c       ac                                                h @ 2
    1    0=Coulomb       0=CHARGE (WS)  1    40.000     0.000    1.1500    0.0000    0.0000    0.0000     0.000    40.000   0.05000

 Potential Form at   1 is
   0.0:   0.5471   0.0000    0.5:   0.5441   0.0000    1.0:   0.5353   0.0000    1.5:   0.5206   0.0000    2.0:   0.4999   0.0000
   2.5:   0.4734   0.0000    3.0:   0.4410   0.0000    3.5:   0.4027   0.0000    4.0:   0.3586   0.0000    4.5:   0.3188   0.0000
   5.0:   0.2869   0.0000    5.5:   0.2608   0.0000    6.0:   0.2391   0.0000    6.5:   0.2207   0.0000    7.0:   0.2049   0.0000
   7.5:   0.1913   0.0000    8.0:   0.1793   0.0000    8.5:   0.1688   0.0000    9.0:   0.1594   0.0000    9.5:   0.1510   0.0000
  10.0:   0.1434   0.0000   10.5:   0.1366   0.0000   11.0:   0.1304   0.0000   11.5:   0.1247   0.0000   12.0:   0.1195   0.0000

    1    1=Volume        0=Woods-Saxon  2   56.9000    1.1940    0.6400    1.0000    1.3750    0.5400     0.000    40.000

 Potential Form at   2 is
   0.0: -56.7999  -0.9998    0.5: -56.6902  -0.9996    1.0: -56.4437  -0.9989    1.5: -55.9127  -0.9973    2.0: -54.7870  -0.9933
   2.5: -52.4792  -0.9834    3.0: -48.0576  -0.9590    3.5: -40.5883  -0.9026    4.0: -30.3016  -0.7860    4.5: -19.5045  -0.5926
   5.0: -10.9682  -0.3656    5.5:  -5.6077  -0.1859    6.0:  -2.7123  -0.0830    6.5:  -1.2747  -0.0346    7.0:  -0.5908  -0.0140
   7.5:  -0.2720  -0.0056    8.0:  -0.1249  -0.0022    8.5:  -0.0572  -0.0009    9.0:  -0.0262  -0.0003    9.5:  -0.0120  -0.0001
  10.0:  -0.0055  -0.0001   10.5:  -0.0025  -0.0000   11.0:  -0.0012  -0.0000   11.5:  -0.0005  -0.0000   12.0:   0.0000   0.0000

    1    2=Surface       0=Woods-Saxon  3    0.0000    1.1940    0.6000    3.4200    1.3750    0.5400     0.000    40.000

 Potential Form at   3 is
   0.0:   0.0000  -0.0024    0.5:   0.0000  -0.0057    1.0:   0.0000  -0.0144    1.5:   0.0000  -0.0362    2.0:   0.0000  -0.0905
   2.5:   0.0000  -0.2240    3.0:   0.0000  -0.5377    3.5:   0.0000  -1.2024    4.0:   0.0000  -2.3013    4.5:   0.0000  -3.3026
   5.0:   0.0000  -3.1730    5.5:   0.0000  -2.0702    6.0:   0.0000  -1.0406    6.5:   0.0000  -0.4569    7.0:   0.0000  -0.1888
   7.5:   0.0000  -0.0761    8.0:   0.0000  -0.0303    8.5:   0.0000  -0.0121    9.0:   0.0000  -0.0048    9.5:   0.0000  -0.0019
  10.0:   0.0000  -0.0008   10.5:   0.0000  -0.0003   11.0:   0.0000  -0.0001   11.5:   0.0000  -0.0000   12.0:   0.0000  -0.0000

    1    3=Projtl S.O.   0=Woods-Saxon  4    6.0000    1.0600    0.6300    0.0000    1.0000    0.5000     0.000    40.000

 Potential Form at   4 is
   0.0:  -2.4961   0.0000    0.5:  -0.2633   0.0000    1.0:  -0.2863   0.0000    1.5:  -0.4069   0.0000    2.0:  -0.6238   0.0000
   2.5:  -0.9368   0.0000    3.0:  -1.2528   0.0000    3.5:  -1.3472   0.0000    4.0:  -1.0910   0.0000    4.5:  -0.6763   0.0000
   5.0:  -0.3470   0.0000    5.5:  -0.1599   0.0000    6.0:  -0.0699   0.0000    6.5:  -0.0299   0.0000    7.0:  -0.0127   0.0000
   7.5:  -0.0054   0.0000    8.0:  -0.0023   0.0000    8.5:  -0.0010   0.0000    9.0:  -0.0004   0.0000    9.5:  -0.0002   0.0000
  10.0:  -0.0001   0.0000   10.5:  -0.0000   0.0000   11.0:  -0.0000   0.0000   11.5:  -0.0000   0.0000   12.0:  -0.0000   0.0000
   --------------------------------------------------------------------------------------------------------------------

                                            A#1       A#2        r0c       ac                                                h @ 1
    2    0=Coulomb       0=CHARGE (WS)  5    39.000     0.000    1.2500    0.0000    0.0000    0.0000     0.000    39.000   0.05000

 Potential Form at   5 is
   0.0:   0.5076   0.0000    0.5:   0.5052   0.0000    1.0:   0.4982   0.0000    1.5:   0.4864   0.0000    2.0:   0.4699   0.0000
   2.5:   0.4487   0.0000    3.0:   0.4228   0.0000    3.5:   0.3922   0.0000    4.0:   0.3569   0.0000    4.5:   0.3188   0.0000
   5.0:   0.2869   0.0000    5.5:   0.2608   0.0000    6.0:   0.2391   0.0000    6.5:   0.2207   0.0000    7.0:   0.2049   0.0000
   7.5:   0.1913   0.0000    8.0:   0.1793   0.0000    8.5:   0.1688   0.0000    9.0:   0.1594   0.0000    9.5:   0.1510   0.0000
  10.0:   0.1434   0.0000   10.5:   0.1366   0.0000   11.0:   0.1304   0.0000   11.5:   0.1247   0.0000   12.0:   0.1195   0.0000

    2    1=Volume        0=Woods-Saxon  6   98.8000    1.2130    0.6480    0.0000    1.2370    0.5400     0.000    39.000

 Potential Form at   6 is
   0.0: -98.6206   0.0000    0.5: -98.4274   0.0000    1.0: -97.9974   0.0000    1.5: -97.0800   0.0000    2.0: -95.1532   0.0000
   2.5: -91.2359   0.0000    3.0: -83.7751   0.0000    3.5: -71.1830   0.0000    4.0: -53.7168   0.0000    4.5: -35.0908   0.0000
   5.0: -20.0509   0.0000    5.5: -10.4043   0.0000    6.0:  -5.0983   0.0000    6.5:  -2.4241   0.0000    7.0:  -1.1356   0.0000
   7.5:  -0.5282   0.0000    8.0:  -0.2449   0.0000    8.5:  -0.1133   0.0000    9.0:  -0.0524   0.0000    9.5:  -0.0242   0.0000
  10.0:  -0.0112   0.0000   10.5:  -0.0052   0.0000   11.0:  -0.0024   0.0000   11.5:  -0.0011   0.0000   12.0:   0.0000   0.0000

    2    2=Surface       0=Woods-Saxon  7    0.0000    1.2130    0.6480   17.7000    1.2370    0.5400     0.000    39.000

 Potential Form at   7 is
   0.0:   0.0000  -0.0313    0.5:   0.0000  -0.0754    1.0:   0.0000  -0.1897    1.5:   0.0000  -0.4751    2.0:   0.0000  -1.1748
   2.5:   0.0000  -2.8186    3.0:   0.0000  -6.2928    3.5:   0.0000 -12.0047    4.0:   0.0000 -17.1357    4.5:   0.0000 -16.3596
   5.0:   0.0000 -10.6208    5.5:   0.0000  -5.3237    6.0:   0.0000  -2.3342    6.5:   0.0000  -0.9641    7.0:   0.0000  -0.3884
   7.5:   0.0000  -0.1549    8.0:   0.0000  -0.0615    8.5:   0.0000  -0.0244    9.0:   0.0000  -0.0097    9.5:   0.0000  -0.0038
  10.0:   0.0000  -0.0015   10.5:   0.0000  -0.0006   11.0:   0.0000  -0.0002   11.5:   0.0000  -0.0001   12.0:   0.0000  -0.0000

    2    3=Projtl S.O.   0=Woods-Saxon  8    2.2750    1.1800    0.6500    0.0000    1.2370    0.5400     0.000    39.000

 Potential Form at   8 is
   0.0:  -0.6142   0.0000    0.5:  -0.0635   0.0000    1.0:  -0.0678   0.0000    1.5:  -0.0953   0.0000    2.0:  -0.1471   0.0000
   2.5:  -0.2300   0.0000    3.0:  -0.3390   0.0000    3.5:  -0.4324   0.0000    4.0:  -0.4375   0.0000    4.5:  -0.3369   0.0000
   5.0:  -0.2041   0.0000    5.5:  -0.1050   0.0000    6.0:  -0.0493   0.0000    6.5:  -0.0221   0.0000    7.0:  -0.0097   0.0000
   7.5:  -0.0043   0.0000    8.0:  -0.0019   0.0000    8.5:  -0.0008   0.0000    9.0:  -0.0004   0.0000    9.5:  -0.0002   0.0000
  10.0:  -0.0001   0.0000   10.5:  -0.0000   0.0000   11.0:  -0.0000   0.0000   11.5:  -0.0000   0.0000   12.0:  -0.0000   0.0000
   --------------------------------------------------------------------------------------------------------------------

                                            A#1       A#2        r0c       ac                                                h @ 0
    3    0=Coulomb       0=CHARGE (WS)  9    40.000     0.000    1.1000    0.0000    0.0000    0.0000     0.000    40.000   0.05000

 Potential Form at   9 is
   0.0:   0.5719   0.0000    0.5:   0.5686   0.0000    1.0:   0.5585   0.0000    1.5:   0.5416   0.0000    2.0:   0.5181   0.0000
   2.5:   0.4878   0.0000    3.0:   0.4507   0.0000    3.5:   0.4069   0.0000    4.0:   0.3586   0.0000    4.5:   0.3188   0.0000
   5.0:   0.2869   0.0000    5.5:   0.2608   0.0000    6.0:   0.2391   0.0000    6.5:   0.2207   0.0000    7.0:   0.2049   0.0000
   7.5:   0.1913   0.0000    8.0:   0.1793   0.0000    8.5:   0.1688   0.0000    9.0:   0.1594   0.0000    9.5:   0.1510   0.0000
  10.0:   0.1434   0.0000   10.5:   0.1366   0.0000   11.0:   0.1304   0.0000   11.5:   0.1247   0.0000   12.0:   0.1195   0.0000

    3    1=Volume        0=Woods-Saxon 10   50.0000    1.2500    0.6500    0.0000    0.0000    0.0000     0.000    40.000

 Potential Form at  10 is
   0.0: -49.9278   0.0000    0.5: -49.8502   0.0000    1.0: -49.6779   0.0000    1.5: -49.3100   0.0000    2.0: -48.5343   0.0000
   2.5: -46.9406   0.0000    3.0: -43.8345   0.0000    3.5: -38.3569   0.0000    4.0: -30.2099   0.0000    4.5: -20.7147   0.0000
   5.0: -12.3426   0.0000    5.5:  -6.5925   0.0000    6.0:  -3.2873   0.0000    6.5:  -1.5790   0.0000    7.0:  -0.7443   0.0000
   7.5:  -0.3476   0.0000    8.0:  -0.1617   0.0000    8.5:  -0.0751   0.0000    9.0:  -0.0348   0.0000    9.5:  -0.0161   0.0000
  10.0:  -0.0075   0.0000   10.5:  -0.0035   0.0000   11.0:  -0.0016   0.0000   11.5:  -0.0007   0.0000   12.0:   0.0000   0.0000

    3    3=Projtl S.O.   0=Woods-Saxon 11    7.0000    1.2500    0.6500    0.0000    0.0000    0.0000     0.000    40.000

 Potential Form at  11 is
   0.0:  -1.2429   0.0000    0.5:  -0.1287   0.0000    1.0:  -0.1379   0.0000    1.5:  -0.1954   0.0000    2.0:  -0.3064   0.0000
   2.5:  -0.4949   0.0000    3.0:  -0.7761   0.0000    3.5:  -1.0993   0.0000    4.0:  -1.2877   0.0000    4.5:  -1.1614   0.0000
   5.0:  -0.8009   0.0000    5.5:  -0.4483   0.0000    6.0:  -0.2205   0.0000    6.5:  -0.1013   0.0000    7.0:  -0.0451   0.0000
   7.5:  -0.0198   0.0000    8.0:  -0.0087   0.0000    8.5:  -0.0038   0.0000    9.0:  -0.0017   0.0000    9.5:  -0.0007   0.0000
  10.0:  -0.0003   0.0000   10.5:  -0.0001   0.0000   11.0:  -0.0001   0.0000   11.5:  -0.0000   0.0000   12.0:  -0.0000   0.0000
   --------------------------------------------------------------------------------------------------------------------

                                            A#1       A#2        r0c       ac                                                h @ 0
    4    0=Coulomb       0=CHARGE (WS) 12     1.000     0.000    1.2500    0.0000    0.0000    0.0000     0.000     1.000   0.05000

 Potential Form at  12 is
   0.0:   1.7204   0.0000    0.5:   1.6295   0.0000    1.0:   1.3541   0.0000    1.5:   0.9563   0.0000    2.0:   0.7172   0.0000
   2.5:   0.5738   0.0000    3.0:   0.4781   0.0000    3.5:   0.4098   0.0000    4.0:   0.3586   0.0000    4.5:   0.3188   0.0000
   5.0:   0.2869   0.0000    5.5:   0.2608   0.0000    6.0:   0.2391   0.0000    6.5:   0.2207   0.0000    7.0:   0.2049   0.0000
   7.5:   0.1913   0.0000    8.0:   0.1793   0.0000    8.5:   0.1688   0.0000    9.0:   0.1594   0.0000    9.5:   0.1510   0.0000
  10.0:   0.1434   0.0000   10.5:   0.1366   0.0000   11.0:   0.1304   0.0000   11.5:   0.1247   0.0000   12.0:   0.1195   0.0000

    4    1=Volume        5=RSC T=0     13    1.0000    0.0000    1.0000    0.0000    0.0000    0.0000     0.000     1.000

 Potential Form at  13 is
   0.0:*********   0.0000    0.5:1354.8378   0.0000    1.0: -34.5963   0.0000    1.5: -19.3572   0.0000    2.0:  -4.0879   0.0000
   2.5:  -0.7240   0.0000    3.0:  -0.1824   0.0000    3.5:  -0.1184   0.0000    4.0:  -0.1033   0.0000    4.5:  -0.0842   0.0000
   5.0:  -0.0635   0.0000    5.5:  -0.0456   0.0000    6.0:  -0.0317   0.0000    6.5:  -0.0217   0.0000    7.0:  -0.0147   0.0000
   7.5:  -0.0099   0.0000    8.0:  -0.0067   0.0000    8.5:  -0.0045   0.0000    9.0:  -0.0030   0.0000    9.5:  -0.0020   0.0000
  10.0:  -0.0014   0.0000   10.5:  -0.0009   0.0000   11.0:  -0.0006   0.0000   11.5:  -0.0004   0.0000   12.0:   0.0000   0.0000

    4    3=Projtl S.O.   5=RSC T=0     14    1.0000    0.0000    1.0000    0.0000    0.0000    0.0000     0.000     1.000

 Potential Form at  14 is
   0.0:*********   0.0000    0.5:-224.8879   0.0000    1.0:   1.7317   0.0000    1.5:   2.6897   0.0000    2.0:   0.7183   0.0000
   2.5:   0.1634   0.0000    3.0:   0.0358   0.0000    3.5:   0.0078   0.0000    4.0:   0.0017   0.0000    4.5:   0.0004   0.0000
   5.0:   0.0001   0.0000    5.5:   0.0000   0.0000    6.0:   0.0000   0.0000    6.5:   0.0000   0.0000    7.0:   0.0000   0.0000
   7.5:   0.0000   0.0000    8.0:   0.0000   0.0000    8.5:   0.0000   0.0000    9.0:   0.0000   0.0000    9.5:   0.0000   0.0000
  10.0:   0.0000   0.0000   10.5:   0.0000   0.0000   11.0:   0.0000   0.0000   11.5:   0.0000   0.0000   12.0:   0.0000   0.0000

    4    4=Target S.O.   5=RSC T=0     15    1.0000    0.0000    1.0000    0.0000    0.0000    0.0000     0.000     1.000

 Potential Form at  15 is
   0.0:*********   0.0000    0.5:-224.8879   0.0000    1.0:   1.7317   0.0000    1.5:   2.6897   0.0000    2.0:   0.7183   0.0000
   2.5:   0.1634   0.0000    3.0:   0.0358   0.0000    3.5:   0.0078   0.0000    4.0:   0.0017   0.0000    4.5:   0.0004   0.0000
   5.0:   0.0001   0.0000    5.5:   0.0000   0.0000    6.0:   0.0000   0.0000    6.5:   0.0000   0.0000    7.0:   0.0000   0.0000
   7.5:   0.0000   0.0000    8.0:   0.0000   0.0000    8.5:   0.0000   0.0000    9.0:   0.0000   0.0000    9.5:   0.0000   0.0000
  10.0:   0.0000   0.0000   10.5:   0.0000   0.0000   11.0:   0.0000   0.0000   11.5:   0.0000   0.0000   12.0:   0.0000   0.0000

    4    7=Prj+Targ Tr   5=RSC T=0     16    1.0000    0.0000    1.0000    0.0000    0.0000    0.0000     0.000     1.000

 Potential Form at  16 is
   0.0:*********   0.0000    0.5:*********   0.0000    1.0:-825.8654   0.0000    1.5:-224.7260   0.0000    2.0: -92.0819   0.0000
   2.5: -43.6576   0.0000    3.0: -22.2556   0.0000    3.5: -11.9401   0.0000    4.0:  -6.6687   0.0000    4.5:  -3.8461   0.0000
   5.0:  -2.2760   0.0000    5.5:  -1.3749   0.0000    6.0:  -0.8447   0.0000    6.5:  -0.5261   0.0000    7.0:  -0.3315   0.0000
   7.5:  -0.2109   0.0000    8.0:  -0.1353   0.0000    8.5:  -0.0874   0.0000    9.0:  -0.0568   0.0000    9.5:  -0.0371   0.0000
  10.0:  -0.0244   0.0000   10.5:  -0.0161   0.0000   11.0:  -0.0106   0.0000   11.5:  -0.0071   0.0000   12.0:  -0.0047   0.0000


 ************************************************************************************************************************************

 The following SINGLE-PARTICLE FORM FACTORS are constructed :


 No.   P1 P2 IN KIND T N  L  S1 IA J/S  IB BIND XFER  BE    SC PC FIL AFRAC Adjust  to  Z  Mass   K     Norm    rms      D0     D   ANC/Gsp

    Parameters      Mismatch   Nodes -> 1 in ch  1

      2.226000     0.01611804     1    44
      2.393696     0.00009968     1    44

 For Channel #  1 with l = 0,  j =  0.5, around core state #  1

   R    Y(R)
   0.00   0.0000E+00,    0.50   9.9321E-02,    1.00   4.2382E-01,    1.50   5.3763E-01,    2.00   5.2500E-01,    2.50   4.8070E-01, 
   3.00   4.3207E-01,    3.50   3.8576E-01,    4.00   3.4336E-01,    4.50   3.0512E-01,    5.00   2.7088E-01,    5.50   2.4035E-01, 
   6.00   2.1318E-01,    6.50   1.8904E-01,    7.00   1.6761E-01,    7.50   1.4859E-01,    8.00   1.3173E-01,    8.50   1.1677E-01, 
   9.00   1.0351E-01,    9.50   9.1758E-02,   10.00   8.1336E-02,   10.50   7.2098E-02,   11.00   6.3908E-02,   11.50   5.6649E-02, 
  12.00   5.0214E-02, 

 For Channel #  2 with l = 2,  j =  1.5, around core state #  1

   R    Y(R)
   0.00   0.0000E+00,    0.50   4.0929E-02,    1.00   1.7013E-01,    1.50   1.8925E-01,    2.00   1.5926E-01,    2.50   1.2617E-01, 
   3.00   9.8919E-02,    3.50   7.7740E-02,    4.00   6.1487E-02,    4.50   4.9006E-02,    5.00   3.9373E-02,    5.50   3.1882E-02, 
   6.00   2.6008E-02,    6.50   2.1365E-02,    7.00   1.7663E-02,    7.50   1.4687E-02,    8.00   1.2278E-02,    8.50   1.0312E-02, 
   9.00   8.6987E-03,    9.50   7.3660E-03,   10.00   6.2592E-03,   10.50   5.3353E-03,   11.00   4.5605E-03,   11.50   3.9080E-03, 
  12.00   3.3565E-03, 

 The following  2 components are in a group labelled  4 for   1.0+

 No.   P1 P2 IN KIND T N  L  S1 IA J/S  IB BIND XFER  BE    SC PC FIL AFRAC Adjust  to  Z  Mass   K     Norm    rms      D0     D   ANC/Gsp

    At R=   11.950, ANC in ch  4 is   0.90708    ,   eta,eta*ln(2*rho)+rho =    0.0000        2.8819    

    4:  2  1  1  3   * 1  0 0.5  1 0.5   1   4   0   2.3937  0  3  0 0.0000 BE  2.3937; 0. 1.009 0.2412 0.9657  3.737 -128.2 -132.4  0.9071

    At R=   11.950, ANC in ch  5 is   0.25318E-01,   eta,eta*ln(2*rho)+rho =    0.0000        2.8819    

    5:  2  1  1  3     1  2 0.5  1 1.5   1   4   0   2.3937  0  3  0 0.0000 BE  2.3937; 0. 1.009 0.2412 0.2594  2.382   -7.6   -8.4  0.0253

 Overall rms norm & radius =  0.9999  3.6613, & Overall D0 & D =  -135.76  -140.77
 ------------------------------------------------------------------------------------------------------------------------------------

 For Channel #  1 with l = 0,  j =  0.5, around core state #  1

   R    Y(R)
   0.00  -0.0000E+00,    0.50   3.3370E-01,    1.00   5.2466E-01,    1.50   4.9228E-01,    2.00   2.5244E-01,    2.50  -9.1931E-02, 
   3.00  -4.0204E-01,    3.50  -5.7306E-01,    4.00  -5.8327E-01,    4.50  -4.8685E-01,    5.00  -3.5822E-01,    5.50  -2.4456E-01, 
   6.00  -1.6034E-01,    6.50  -1.0300E-01,    7.00  -6.5515E-02,    7.50  -4.1478E-02,    8.00  -2.6202E-02,    8.50  -1.6536E-02, 
   9.00  -1.0431E-02,    9.50  -6.5780E-03,   10.00  -4.1480E-03,   10.50  -2.6155E-03,   11.00  -1.6492E-03,   11.50  -1.0399E-03, 
  12.00  -6.5566E-04, 

 No.   P1 P2 IN KIND T N  L  S1 IA J/S  IB BIND XFER  BE    SC PC FIL AFRAC Adjust  to  Z  Mass   K     Norm    rms      D0     D   ANC/Gsp

    At R=   11.950, ANC in ch  2 is   -42.053    ,   eta,eta*ln(2*rho)+rho =    0.0000        11.023    

    2:  1  2  2  0     2  0 0.5  1 0.5   0   3   0  18.1060  1  1  0 0.0000 VR  1.1218; 0. 1.000 0.9224 1.0000  3.439  391.4 3172.4-42.0527

 ************************************************************************************************************************************

 TWO-way COUPLING # 1 for partitions  2 <-  1 of KIND  7,   0  0  0 -1 -1 & P1,P2 =    0.0000   0.0000 : for J <=     2.5 & R <  12.0 fm.


 data =  1  1  1  4  1.0000,  so  < [DEUTERON #  1] / [PROTON   #  1]  * Eigen-form #  4>  =   1.0000            BE =  2.394     5

 data = -2  1  1  2  1.3440,  so  < [CA-40    #  1] / [CA-39    #  1]  * Eigen-form #  2>  =   1.3440            BE = 18.106     2



 **** WARNING *** -- FORM FACTOR  2 GIVES  NO COUPLING AS PARITY ERROR, OR D( 0.0, 0.5, 0.5)  = (JCORE,JV,JCOMP)  FAILS  ****


 KNT =   2, KNP =   4: NK,NG,loc=   1   1   1  17  T  T  F
 KNT =   2, KNP =   5: NK,NG,loc=   2   2   2  18  T  T  F

     So FINITE-RANGE TRANSFER : IP1 = 0 (POST    ), IP2= 0 =NONE        ,  for   2 pairs of bound states summed into   2 pairs
      The main coupling potential is that binding the transferred particle to the PROTON   core.

   A real*8 is  8  bytes
   NLL,NLN,NLO = 25 25 31
0File  11 needs RL =     775    REAL*8 numbers, and NR =    19. i.e.     0.12 Megabytes
   File  11  RECL = 5952
0RECOMMENDED NON-LOCAL WIDTH IS GREATER THAN    2.40 FM.,  RECOMMENDED CENTRATION  -0.10, after    0.00 secs.
0Relative non-local usages (rms) are
    0.112   0.185   0.297   0.476   0.715   1.242   2.969   5.159   9.896  19.956  30.395  71.601 100.000  98.274  76.581
   73.226  57.379  54.049  47.414  29.450  14.885   7.861   3.611   1.504   0.790   0.477   0.295   0.187   0.129   0.083
    0.056
0Binding Energies: (DEUTERON # 1 / PROTON   # 1)(BE =  2.394)-(CA-40    # 1 / CA-39    # 1)(BE = 18.106)- DISCREPANCY = -0.1677
 STOPPING, as some coupling failures
    See WARNING messages above

 Incoming partition  1 in excitation state # 1,   Laboratory Energy given for partition  1 Nucleus 1 in Excitation pair 1

0Lab. ENERGY ranges :

   from    30.3000     to   0.00000     in     0 intervals
   from    0.00000     to   0.00000     in     0 intervals
   from    0.00000     to   0.00000     in     0 intervals

 Largest real,imaginary parts of any form factor at R=   11.50 are   1.25E-01  9.44E-05 MeV
 Finished all Couplings @  0.012554 16

 Symmetric Hamiltonian
1***********************************************************************************************************************************
************************************************************************************************************************************

        INCOMING DEUTERON ;    LABORATORY DEUTERON ENERGY =   30.300     MeV.

 ***********************************************************************************************************************************
 ***********************************************************************************************************************************

 Allocate arrays for  3  channels, of which  3  need wfs.

 ######################################################################################################################
 #                                                                                                                    #
 # Total SPIN and PARITY =     2.0 +,      3 channels,    0 in 1st block.  Rmin & Coul turning =    0.2    2.1 fm.  #
 #                                                                                                                    #
 ######################################################################################################################



    C Projectl Target   #   EX.   (L  Proj) J  + Targ = Jtotal     E-cm      Re K     Re Eta     RM*K            CH
    1 DEUTERON CA-39    #    1: I   2 1.0    2.0  0.0     2.0    28.81204   1.63079   0.81190   19.5695  -0.49728  -0.12654 1 1 1   1
    2 PROTON   CA-40    #    1:     1 0.5    1.5  0.5     2.0    44.69204   1.45514   0.46704   17.4617  -0.47482  -0.17997 2 1 2   1
    3 PROTON   CA-40    #    1:     3 0.5    2.5  0.5     2.0    44.69204   1.45514   0.46704   17.4617   0.26063   0.44103 2 1 2   1
   S-matrix    1 =   -0.08425  -0.21213 for L=    2, J=    2.0 channel on core I =   0.0 from L=    2,  Acc. loss =  0.0 D.
 Elastic phase shift   1 =  -55.831  42.323 deg. for the L =    2, J =    2.0 channel.
       2.0 -0.08425310 -0.21212547i: elastic S-matrix  @@      0.00  0   0 F  0
 Reaction Xsec     2.0+/ 2 @ 1 =  18.662 , Out:   0.000#   0.000#  18.662f

 Allocate arrays for  4  channels, of which  4  need wfs.

 ######################################################################################################################
 #                                                                                                                    #
 # Total SPIN and PARITY =     2.0 -,      4 channels,    0 in 1st block.  Rmin & Coul turning =    0.2    2.1 fm.  #
 #                                                                                                                    #
 ######################################################################################################################



    C Projectl Target   #   EX.   (L  Proj) J  + Targ = Jtotal     E-cm      Re K     Re Eta     RM*K            CH
    1 DEUTERON CA-39    #    1: I   1 1.0    2.0  0.0     2.0    28.81204   1.63079   0.81190   19.5695  -0.12206  -0.49688 1 1 1   1
    2 DEUTERON CA-39    #    1: I   3 1.0    2.0  0.0     2.0    28.81204   1.63079   0.81190   19.5695  -0.32024   0.40379 1 1 1   1
    3 PROTON   CA-40    #    1:     2 0.5    1.5  0.5     2.0    44.69204   1.45514   0.46704   17.4617  -0.33133   0.38714 2 1 2   1
    4 PROTON   CA-40    #    1:     2 0.5    2.5  0.5     2.0    44.69204   1.45514   0.46704   17.4617  -0.33133   0.38714 2 1 2   1
   S-matrix    1 =    0.16261  -0.14936 for L=    1, J=    2.0 channel on core I =   0.0 from L=    1,  Acc. loss =  0.0 D.
 Elastic phase shift   1 =  -21.284  43.273 deg. for the L =    1, J =    2.0 channel.
       2.0  0.16261321 -0.14936500i: elastic S-matrix  @@      0.00  0   0 F  0
 Reaction Xsec     2.0-/ 1 @ 1 =  18.728 , Out:   0.000#   0.000#  18.728f

   S-matrix    2 =   -0.18685   0.03343 for L=    3, J=    2.0 channel on core I =   0.0 from L=    3,  Acc. loss =  0.0 D.
 Elastic phase shift   2 =   84.928  47.604 deg. for the L =    3, J =    2.0 channel.
       2.0 -0.18685016  0.03343321i: elastic S-matrix  @@      0.00  0   0 F  0
 Reaction Xsec     2.0-/ 3 @ 2 =  18.979 , Out:   0.000#   0.000#  18.979f

 Finished all CC sets @  0.013497
0CUMULATIVE REACTION cross section                 =   56.36907  <L> =     2.00  <L**2> =      4.0
0CUMULATIVE outgoing cross sections in partition 1 :    0.00000
0CUMULATIVE outgoing cross sections in partition 2 :    0.00000
0Cumulative ABSORBTION by Imaginary Potentials     =   56.36907  <L> =     2.00  <L**2> =      4.0
   Fusion for specific DEUTERON M-states :   56.235971   56.635261   56.235971
0CUMULATIVE OUTGOING cross section                 =    0.00000
 To convert to S-factors (MeV.mb = keV.b),  multiply by  4.7321E+03


 CROSS SECTIONS FOR OUTGOING DEUTERON & CA-39    in state #   1 with spins & parities 1.0  + &  0.0  +;  0

     5.00 deg.: X-S =   1.7010E+05 mb/sr,
+                                         /R =   9.9375E-01
    10.00 deg.: X-S =  9869.927985 mb/sr,
+                                         /R =   9.1907E-01
    15.00 deg.: X-S =  1820.778310 mb/sr,
+                                         /R =   8.5290E-01
    20.00 deg.: X-S =   580.780764 mb/sr,
+                                         /R =   8.5220E-01
    25.00 deg.: X-S =   259.734637 mb/sr,
+                                         /R =   9.1987E-01
    30.00 deg.: X-S =   141.491581 mb/sr,
+                                         /R =   1.0246E+00
    35.00 deg.: X-S =    84.976438 mb/sr,
+                                         /R =   1.1213E+00
    40.00 deg.: X-S =    52.866630 mb/sr,
+                                         /R =   1.1674E+00
    45.00 deg.: X-S =    32.824110 mb/sr,
+                                         /R =   1.1361E+00
    50.00 deg.: X-S =    19.876271 mb/sr,
+                                         /R =   1.0232E+00
    55.00 deg.: X-S =    11.598965 mb/sr,
+                                         /R =   8.5092E-01
    60.00 deg.: X-S =     6.583022 mb/sr,
+                                         /R =   6.6398E-01
    65.00 deg.: X-S =     3.882497 mb/sr,
+                                         /R =   5.2219E-01
    70.00 deg.: X-S =     2.795829 mb/sr,
+                                         /R =   4.8834E-01
    75.00 deg.: X-S =     2.772970 mb/sr,
+                                         /R =   6.1459E-01
    80.00 deg.: X-S =     3.374762 mb/sr,
+                                         /R =   9.2974E-01
    85.00 deg.: X-S =     4.255193 mb/sr,
+                                         /R =   1.4305E+00
    90.00 deg.: X-S =     5.153376 mb/sr,
+                                         /R =   2.0791E+00
    95.00 deg.: X-S =     5.888611 mb/sr,
+                                         /R =   2.8079E+00
   100.00 deg.: X-S =     6.354990 mb/sr,
+                                         /R =   3.5317E+00
   105.00 deg.: X-S =     6.513699 mb/sr,
+                                         /R =   4.1643E+00
   110.00 deg.: X-S =     6.382332 mb/sr,
+                                         /R =   4.6375E+00
   115.00 deg.: X-S =     6.021424 mb/sr,
+                                         /R =   4.9166E+00
   120.00 deg.: X-S =     5.518998 mb/sr,
+                                         /R =   5.0099E+00
   125.00 deg.: X-S =     4.974433 mb/sr,
+                                         /R =   4.9695E+00
   130.00 deg.: X-S =     4.483083 mb/sr,
+                                         /R =   4.8812E+00
   135.00 deg.: X-S =     4.123147 mb/sr,
+                                         /R =   4.8477E+00
   140.00 deg.: X-S =     3.946020 mb/sr,
+                                         /R =   4.9654E+00
   145.00 deg.: X-S =     3.970980 mb/sr,
+                                         /R =   5.3018E+00
   150.00 deg.: X-S =     4.184580 mb/sr,
+                                         /R =   5.8786E+00
   155.00 deg.: X-S =     4.544551 mb/sr,
+                                         /R =   6.6629E+00
   160.00 deg.: X-S =     4.987475 mb/sr,
+                                         /R =   7.5707E+00
   165.00 deg.: X-S =     5.439081 mb/sr,
+                                         /R =   8.4810E+00
   170.00 deg.: X-S =     5.825702 mb/sr,
+                                         /R =   9.2592E+00
   175.00 deg.: X-S =     6.085311 mb/sr,
+                                         /R =   9.7831E+00
   179.99 deg.: X-S =     6.176664 mb/sr,
+                                         /R =   9.9679E+00

 CROSS SECTIONS FOR OUTGOING PROTON   & CA-40    in state #   1 with spins & parities 0.5  + &  0.5  -;  0

     5.00 deg.: X-S =   0.0000E+00 mb/sr,
+                                         REAC   0.0000E+00 mb
 Finished all xsecs @  0.013839



 Mean components of Elastic Optical Potential generated by channel couplings of type  1

     0.500     0.0000     0.0000     0.0000     0.0000     0.0000     0.0000
     1.000     0.0000     0.0000     0.0000     0.0000     0.0000     0.0000
     1.500     0.0000     0.0000     0.0000     0.0000     0.0000     0.0000
     2.000     0.0000     0.0000     0.0000     0.0000     0.0000     0.0000
     2.500     0.0000     0.0000     0.0000     0.0000     0.0000     0.0000
     3.000     0.0000     0.0000     0.0000     0.0000     0.0000     0.0000
     3.500     0.0000     0.0000     0.0000     0.0000     0.0000     0.0000
     4.000     0.0000     0.0000     0.0000     0.0000     0.0000     0.0000
     4.500     0.0000     0.0000     0.0000     0.0000     0.0000     0.0000
     5.000     0.0000     0.0000     0.0000     0.0000     0.0000     0.0000
     5.500     0.0000     0.0000     0.0000     0.0000     0.0000     0.0000
     6.000     0.0000     0.0000     0.0000     0.0000     0.0000     0.0000
     6.500     0.0000     0.0000     0.0000     0.0000     0.0000     0.0000
     7.000     0.0000     0.0000     0.0000     0.0000     0.0000     0.0000
     7.500     0.0000     0.0000     0.0000     0.0000     0.0000     0.0000
     8.000     0.0000     0.0000     0.0000     0.0000     0.0000     0.0000
     8.500     0.0000     0.0000     0.0000     0.0000     0.0000     0.0000
     9.000     0.0000     0.0000     0.0000     0.0000     0.0000     0.0000
     9.500     0.0000     0.0000     0.0000     0.0000     0.0000     0.0000
    10.000     0.0000     0.0000     0.0000     0.0000     0.0000     0.0000
    10.500     0.0000     0.0000     0.0000     0.0000     0.0000     0.0000
    11.000     0.0000     0.0000     0.0000     0.0000     0.0000     0.0000
    11.500     0.0000     0.0000     0.0000     0.0000     0.0000     0.0000
    12.000     0.0000     0.0000     0.0000     0.0000     0.0000     0.0000

  The following files have been created:
   3:local copy of User input.            6:standard output.                   
   7:elastic  S-matrix elements.         12:transfer kernels.                  
  13:total cross sections/state.         15:local equivalent potentials.       
  34:input optical potentials.           35:Astrophysics S-factors  / Ecm.     
  38:cross sections for each J/pi.       39:cross sections for each Ecm.       
  40:all cross sectns. for each Elab.    45:scat phase shift as E functions.   
  46:bs wave functions & ANC ratios.     56:Fusion for each Jtotal.            
  58:Single-particle wfns.               75:S-factors for lab energies.        
  89:.                                   90:average polarisation potential.    
  91:polarisation potl for rereading.   

 PARAMETERS : MAXQRN   MFNL   MLOC  LMAX1 MCLIST
    ALLOWED :      6     16     16     22      7
    REQUIRED:      2      0     16      4      4


 ACCURACY ANALYSIS at    30.300 MeV :

  Elastic h*k = 0.082 so OK       compared with 0.200

   Real(S-el) > 0.01 first at J =       2.0
   Real(S-el) > 0.10 first at J =       2.0
   R-turn =     2.08 fm    at J =       2.0

 Forward-angle excitation cut off below  37.215 deg by max JT =       2.0
                              and below   4.754 deg by max R.


 1: Recommended RNL: non-local width >   2.40 cf:   3.00 fm: OK      
    Recommended CENTRE: centration   ~  -0.10 cf:   0.00 fm

 Total CPU  0 time =       0.01 seconds
