rm: No match.
 FRESCO - FRES 2.9.3: Coupled Reaction Channels

 ALPHA + 20-NE (0-2-4) BETA(2) ONLY.                                             

   0.050  20.000   1.000   0.100  10.000   0.000   0.000   0.000   0.000   0.000

 Centre-of-mass Range is    402 * 0.0500 fm., Maximum at  20.00 fm., Interpolating NL forms every  1.00 fm.
 Non - locality width is    101 * 0.1000 fm., Maximum of  10.00 fm., Centred at  0.00 fm.
 2-Nucleon Separation of      0 * 1.0000 fm., Maximum of   0.00 fm., Minimum at  0.00 fm.
 Maximum single particle bins of 20.0000 fm.
               M,Mint =  401 401


 Range of total J is     0.0 <= J <=    35.0 (at least     0.0) and Absorbtion =>     1.0000 mb.
 Dry Run = F, CC set limits =  0  0, Relativistic kinematics =  , Both/Far/Near Analyses =  1

 Cross Sections (and up to T0 for 0=projectile) for Theta from   0.0 to  60.0 in steps of  1.0 degrees.  Coordinates = 0 (Mads)

 Lower Radial Cutoff = maximum of -1.60*L*h &       0.0 fm.,  Lower Cutoff for Couplings =   0.0  fm.


 Iterate Couplings between   0 and   0 times, to  0.000 % if sooner.                                          
  Block solved exactly =   3 chs., with Pade = 0 & Isocen =  =0, NOSOL = F, initwf =  0
  NL quadrature with   18 Gaussian points, Calculate multipoles up to    41 from   0
  M-transfers for lp+lt greater than or equal to  6, Angular Integration Cutoff below  2.7778 %


 Trace switches are :  CHANS =  1, LISTCC =  0, TRENEG =  0, CDETR =  0, SMATS =  2, XSTABL =  1, NLPL =  0

                       WAVES =  0, LAMPL =  0, VEFF =  0, KFUS =  0, WDISK =  0, BPM =  0, MELFIL =  0

                       CDCC =  0, NFUS =  0

 Using unit mass = 1.000000 amu and 1/fine-structure constant = 137.03599 ( 1.000000 * true ) with hc = 197.32705 MeV.fm,
  thus 2*amu/hbar^2 = 0.0478450 = 1/20.9008 and Coulomb constant = 0.1574855 so e^2 = 1.43997, and nuclear magneton= 0.1261183

 Now pre-scan input and save to file 3



 *********** PARTITION NUMBER  1 ******************************************************************************************

   PROJ=ALPHA      MASS=  4.0010 Z=   2.0,        # STATES=    3T, TARG=NE-20    MASS= 19.9920 Z=  10.0,     Q-VALUE =   0.0000 MEV.

     1:  J= 0.0+ (B# 1), E=  0.0000, K= 0.0              Potl#  1       J= 0.0+ (B# 1), E=  0.0000, K= 0.0    

     2:  J= 0.0+ (B# 1), E=  0.0000, K= 0.0              Potl#  1       J= 2.0+ (B# 1), E=  1.6340, K= 0.0    
                                  (Just State  1)

     3:  J= 0.0+ (B# 1), E=  0.0000, K= 0.0              Potl#  1       J= 4.0+ (B# 1), E=  4.2480, K= 0.0    
                                  (Just State  1)


 ************************************************************************************************************************************

 The following POTENTIALS are defined :

  KP#       TYPE      IT    SHAPE      at     V1        r1        a1        V2        r2        a2        A-in     A-used


                                            A#1       A#2        r0c       ac                                                h @ 1
    1    0=Coulomb       0=CHARGE (WS)  1    20.000     0.000    1.3000    0.0000    0.0000    0.0000     0.000    20.000   0.05000

    1    1=Volume        0=Woods-Saxon  2  110.6000    1.2200    0.8200    0.0000    1.7700    0.6300     0.000    20.000

                                            Def1      Def2      Def3   .....
    1   11=Target defm  10=derivatives  3    0.0000    1.3250    0.0000    0.0000    0.0000    0.0000     0.000     3.312= RADIUS

              At    3 is k =  2 (Potl. beta = 0.40011)
                                     Beta of targ. = 0.40011 (using radius of 3.312 fm.).

    1    1=Volume        0=Woods-Saxon  4    0.0000    0.0000    0.0000   17.9000    1.7700    0.6300     0.000    20.000

                                            Def1      Def2      Def3   .....
    1   11=Target defm  10=derivatives  5    0.0000    1.9220    0.0000    0.0000    0.0000    0.0000     0.000     4.805= RADIUS

              At    5 is k =  2 (Potl. beta = 0.40004)
                                     Beta of targ. = 0.40004 (using radius of 4.805 fm.).

 Incoming partition  1 in excitation state # 1,   Laboratory Energy given for partition  1 Nucleus 1 in Excitation pair 1

0Lab. ENERGY ranges :

   from    104.000     to   0.00000     in     0 intervals
   from    0.00000     to   0.00000     in     0 intervals
   from    0.00000     to   0.00000     in     0 intervals

 Largest real,imaginary parts of any form factor at R=   19.50 are   7.38E-02  1.33E-09 MeV
 Finished all Couplings @  0.00081 5

 Symmetric Hamiltonian
1***********************************************************************************************************************************
************************************************************************************************************************************

        INCOMING ALPHA    ;    LABORATORY ALPHA    ENERGY =   104.00     MeV.

 ***********************************************************************************************************************************
 ***********************************************************************************************************************************

 Allocate arrays for  3  channels, of which  1  need wfs.

 ######################################################################################################################
 #                                                                                                                    #
 # Total SPIN and PARITY =     0.0 +,      3 channels,    3 in 1st block.  Rmin & Coul turning =    0.0    0.3 fm.  #
 #                                                                                                                    #
 ######################################################################################################################



    C Projectl Target   #   EX.   (L  Proj) J  + Targ = Jtotal     E-cm      Re K     Re Eta     RM*K            CH
    1 ALPHA    NE-20    #    1: I   0 0.0    0.0  0.0     0.0    86.65728   3.71784   0.61779   74.3569  -0.47871  -0.15147 1 1 1   1
    2 ALPHA    NE-20    #    2:     2 0.0    2.0  2.0     0.0    85.02328   3.68263   0.62369   73.6525   0.44597   0.23108 1 1 1   2
    3 ALPHA    NE-20    #    3:     4 0.0    4.0  4.0     0.0    82.40928   3.62557   0.63351   72.5115  -0.48948   0.11450 1 1 1   3
   S-matrix    1 =   -0.02995  -0.00374 for L=    0, J=    0.0 channel on core I =   0.0 from L=    0,  Acc. loss =  0.0 D.
 Elastic phase shift   1 =  -86.438 100.281 deg. for the L =    0, J =    0.0 channel.
       0.0 -0.02995064 -0.00374325i: elastic S-matrix  @@      0.00  0   0 F  0
 Reaction Xsec     0.0+/ 0 @ 1 =   2.271 , Out:   0.000#   4.258/   2.137/   2.264f

 Allocate arrays for  5  channels, of which  1  need wfs.

 Total SPIN, PARITY =     1.0 -,      5 chs,      5 cc.  Rmin & Coul turning =    0.1    0.6
   S-matrix    1 =   -0.01588   0.02579 for L=    1, J=    1.0 channel on core I =   0.0 from L=    1,  Acc. loss =  0.0 D.
 Elastic phase shift   1 =   60.814 100.184 deg. for the L =    1, J =    1.0 channel.
       1.0 -0.01588147  0.02578708i: elastic S-matrix  @@      0.01  0   0 F  0
 Reaction Xsec     1.0-/ 1 @ 1 =   6.812 , Out:   0.000#   0.013    6.343/   6.793f

 Allocate arrays for  7  channels, of which  1  need wfs.

 Total SPIN, PARITY =     2.0 +,      7 chs,      7 cc.  Rmin & Coul turning =    0.2    0.8
   S-matrix    1 =    0.00348   0.03074 for L=    2, J=    2.0 channel on core I =   0.0 from L=    2,  Acc. loss =  0.0 D.
 Elastic phase shift   1 =   41.774  99.577 deg. for the L =    2, J =    2.0 channel.
       2.0  0.00347618  0.03073837i: elastic S-matrix  @@      0.01  0   0 F  0
 Reaction Xsec     2.0+/ 2 @ 1 =  11.353 , Out:   0.000#   0.021    0.010   11.322f

 Allocate arrays for  8  channels, of which  1  need wfs.

 Total SPIN, PARITY =     3.0 -,      8 chs,      8 cc.  Rmin & Coul turning =    0.2    1.1
   S-matrix    1 =    0.01861   0.02588 for L=    3, J=    3.0 channel on core I =   0.0 from L=    3,  Acc. loss =  0.0 D.
 Elastic phase shift   1 =   27.137  98.717 deg. for the L =    3, J =    3.0 channel.
       3.0  0.01861352  0.02587860i: elastic S-matrix  @@      0.01  0   0 F  0
 Reaction Xsec     3.0-/ 3 @ 1 =  15.894 , Out:   0.000#   0.030    0.014   15.851f

 Allocate arrays for  9  channels, of which  1  need wfs.

 Total SPIN, PARITY =     4.0 +,      9 chs,      9 cc.  Rmin & Coul turning =    0.3    1.4
   S-matrix    1 =    0.02921   0.01525 for L=    4, J=    4.0 channel on core I =   0.0 from L=    4,  Acc. loss =  0.0 D.
 Elastic phase shift   1 =   13.787  97.769 deg. for the L =    4, J =    4.0 channel.
       4.0  0.02920697  0.01525233i: elastic S-matrix  @@      0.02  0   0 F  0
 Reaction Xsec     4.0+/ 4 @ 1 =  20.433 , Out:   0.000#   0.038    0.016   20.379f


 Total SPIN, PARITY =     5.0 -,      9 chs,      9 cc.  Rmin & Coul turning =    0.4    1.6
   S-matrix    1 =    0.03407   0.00076 for L=    5, J=    5.0 channel on core I =   0.0 from L=    5,  Acc. loss =  0.0 D.
 Elastic phase shift   1 =    0.642  96.801 deg. for the L =    5, J =    5.0 channel.
       5.0  0.03407285  0.00076317i: elastic S-matrix  @@      0.02  0   0 F  0
 Reaction Xsec     5.0-/ 5 @ 1 =  24.972 , Out:   0.000#   0.047    0.018   24.907f


 Total SPIN, PARITY =     6.0 +,      9 chs,      9 cc.  Rmin & Coul turning =    0.5    1.9
   S-matrix    1 =    0.03147  -0.01537 for L=    6, J=    6.0 channel on core I =   0.0 from L=    6,  Acc. loss =  0.0 D.
 Elastic phase shift   1 =  -13.013  96.024 deg. for the L =    6, J =    6.0 channel.
       6.0  0.03146704 -0.01536568i: elastic S-matrix  @@      0.02  0   0 F  0
 Reaction Xsec     6.0+/ 6 @ 1 =  29.511 , Out:   0.000#   0.057    0.019   29.435f


 Total SPIN, PARITY =     7.0 -,      9 chs,      9 cc.  Rmin & Coul turning =    0.6    2.2
   S-matrix    1 =    0.02033  -0.02938 for L=    7, J=    7.0 channel on core I =   0.0 from L=    7,  Acc. loss =  0.0 D.
 Elastic phase shift   1 =  -27.660  95.450 deg. for the L =    7, J =    7.0 channel.
       7.0  0.02032801 -0.02938033i: elastic S-matrix  @@      0.02  0   0 F  0
 Reaction Xsec     7.0-/ 7 @ 1 =  34.049 , Out:   0.000#   0.066    0.019   33.963f


 Total SPIN, PARITY =     8.0 +,      9 chs,      9 cc.  Rmin & Coul turning =    0.6    2.5
   S-matrix    1 =    0.00175  -0.03596 for L=    8, J=    8.0 channel on core I =   0.0 from L=    8,  Acc. loss =  0.0 D.
 Elastic phase shift   1 =  -43.607  95.227 deg. for the L =    8, J =    8.0 channel.
       8.0  0.00174988 -0.03596480i: elastic S-matrix  @@      0.02  0   0 F  0
 Reaction Xsec     8.0+/ 8 @ 1 =  38.588 , Out:   0.000#   0.077    0.020   38.491f


 Total SPIN, PARITY =     9.0 -,      9 chs,      9 cc.  Rmin & Coul turning =    0.7    2.7
   S-matrix    1 =   -0.01911  -0.03013 for L=    9, J=    9.0 channel on core I =   0.0 from L=    9,  Acc. loss =  0.0 D.
 Elastic phase shift   1 =  -61.193  95.487 deg. for the L =    9, J =    9.0 channel.
       9.0 -0.01911206 -0.03013142i: elastic S-matrix  @@      0.02  0   0 F  0
 Reaction Xsec     9.0-/ 9 @ 1 =  43.129 , Out:   0.000#   0.087    0.021   43.021f


 Total SPIN, PARITY =    10.0 +,      9 chs,      9 cc.  Rmin & Coul turning =    0.8    3.0
   S-matrix    1 =   -0.03287  -0.01095 for L=   10, J=   10.0 channel on core I =   0.0 from L=   10,  Acc. loss =  0.3 D.
 Elastic phase shift   1 =  -80.786  96.329 deg. for the L =   10, J =   10.0 channel.
      10.0 -0.03287182 -0.01095227i: elastic S-matrix  @@      0.02  0   0 F  0
 Reaction Xsec    10.0+/10 @ 1 =  47.672 , Out:   0.000#   0.098    0.024   47.551f


 Total SPIN, PARITY =    11.0 -,      9 chs,      9 cc.  Rmin & Coul turning =    0.9    3.3
   S-matrix    1 =   -0.02993   0.01398 for L=   11, J=   11.0 channel on core I =   0.0 from L=   11,  Acc. loss =  0.0 D.
 Elastic phase shift   1 =   77.483  97.700 deg. for the L =   11, J =   11.0 channel.
      11.0 -0.02992548  0.01397663i: elastic S-matrix  @@      0.02  0   0 F  0
 Reaction Xsec    11.0-/11 @ 1 =  52.218 , Out:   0.000#   0.108    0.028   52.082f


 Total SPIN, PARITY =    12.0 +,      9 chs,      9 cc.  Rmin & Coul turning =    1.0    3.5
   S-matrix    1 =   -0.00864   0.02877 for L=   12, J=   12.0 channel on core I =   0.0 from L=   12,  Acc. loss =  0.0 D.
 Elastic phase shift   1 =   53.356 100.415 deg. for the L =   12, J =   12.0 channel.
      12.0 -0.00863935  0.02877339i: elastic S-matrix  @@      0.02  0   0 F  0
 Reaction Xsec    12.0+/12 @ 1 =  56.770 , Out:   0.000#   0.117    0.037   56.616f


 Total SPIN, PARITY =    13.0 -,      9 chs,      9 cc.  Rmin & Coul turning =    1.0    3.8
   S-matrix    1 =    0.01746   0.02023 for L=   13, J=   13.0 channel on core I =   0.0 from L=   13,  Acc. loss =  0.0 D.
 Elastic phase shift   1 =   24.602 103.768 deg. for the L =   13, J =   13.0 channel.
      13.0  0.01746072  0.02023176i: elastic S-matrix  @@      0.02  0   0 F  0
 Reaction Xsec    13.0-/13 @ 1 =  61.323 , Out:   0.000#   0.122    0.054   61.147f


 Total SPIN, PARITY =    14.0 +,      9 chs,      9 cc.  Rmin & Coul turning =    1.1    4.1
   S-matrix    1 =    0.02473  -0.00405 for L=   14, J=   14.0 channel on core I =   0.0 from L=   14,  Acc. loss =  0.0 D.
 Elastic phase shift   1 =   -4.648 105.613 deg. for the L =   14, J =   14.0 channel.
      14.0  0.02472812 -0.00404725i: elastic S-matrix  @@      0.02  0   0 F  0
 Reaction Xsec    14.0+/14 @ 1 =  65.871 , Out:   0.000#   0.128    0.088   65.655f


 Total SPIN, PARITY =    15.0 -,      9 chs,      9 cc.  Rmin & Coul turning =    1.2    4.3
   S-matrix    1 =    0.00320  -0.00876 for L=   15, J=   15.0 channel on core I =   0.0 from L=   15,  Acc. loss =  0.1 D.
 Elastic phase shift   1 =  -34.978 133.932 deg. for the L =   15, J =   15.0 channel.
      15.0  0.00319585 -0.00875963i: elastic S-matrix  @@      0.02  0   0 F  0
 Reaction Xsec    15.0-/15 @ 1 =  70.452 , Out:   0.000#   0.278    0.156   70.018f


 Total SPIN, PARITY =    16.0 +,      9 chs,      9 cc.  Rmin & Coul turning =    1.2    4.6
   S-matrix    1 =   -0.01881   0.04338 for L=   16, J=   16.0 channel on core I =   0.0 from L=   16,  Acc. loss =  0.0 D.
 Elastic phase shift   1 =   56.724  87.422 deg. for the L =   16, J =   16.0 channel.
      16.0 -0.01881480  0.04337884i: elastic S-matrix  @@      0.02  0   0 F  0
 Reaction Xsec    16.0+/16 @ 1 =  74.836 , Out:   0.000#   0.914    0.237   73.685f


 Total SPIN, PARITY =    17.0 -,      9 chs,      9 cc.  Rmin & Coul turning =    1.4    4.9
   S-matrix    1 =    0.00937   0.14846 for L=   17, J=   17.0 channel on core I =   0.0 from L=   17,  Acc. loss =  0.1 D.
 Elastic phase shift   1 =   43.194  54.587 deg. for the L =   17, J =   17.0 channel.
      17.0  0.00937191  0.14846274i: elastic S-matrix  @@      0.02  0   0 F  0
 Reaction Xsec    17.0-/17 @ 1 =  77.789 , Out:   0.000#   2.147    0.289   75.353f


 Total SPIN, PARITY =    18.0 +,      9 chs,      9 cc.  Rmin & Coul turning =    1.4    5.1
   S-matrix    1 =    0.11114   0.26109 for L=   18, J=   18.0 channel on core I =   0.0 from L=   18,  Acc. loss =  0.1 D.
 Elastic phase shift   1 =   33.470  36.086 deg. for the L =   18, J =   18.0 channel.
      18.0  0.11114255  0.26108657i: elastic S-matrix  @@      0.02  0   0 F  0
 Reaction Xsec    18.0+/18 @ 1 =  77.324 , Out:   0.000#   3.550    0.291   73.483f


 Total SPIN, PARITY =    19.0 -,      9 chs,      9 cc.  Rmin & Coul turning =    1.5    5.4
   S-matrix    1 =    0.26641   0.33740 for L=   19, J=   19.0 channel on core I =   0.0 from L=   19,  Acc. loss =  0.0 D.
 Elastic phase shift   1 =   25.853  24.184 deg. for the L =   19, J =   19.0 channel.
      19.0  0.26641481  0.33740298i: elastic S-matrix  @@      0.02  0   0 F  0
 Reaction Xsec    19.0-/19 @ 1 =  72.258 , Out:   0.000#   4.494    0.249   67.515f


 Total SPIN, PARITY =    20.0 +,      9 chs,      9 cc.  Rmin & Coul turning =    1.6    5.7
   S-matrix    1 =    0.43673   0.36204 for L=   20, J=   20.0 channel on core I =   0.0 from L=   20,  Acc. loss =  0.2 D.
 Elastic phase shift   1 =   19.829  16.240 deg. for the L =   20, J =   20.0 channel.
      20.0  0.43673147  0.36204408i: elastic S-matrix  @@      0.02  0   0 F  0
 Reaction Xsec    20.0+/20 @ 1 =  63.198 , Out:   0.000#   4.624    0.184   58.389f


 Total SPIN, PARITY =    21.0 -,      9 chs,      9 cc.  Rmin & Coul turning =    1.7    5.9
   S-matrix    1 =    0.59127   0.34400 for L=   21, J=   21.0 channel on core I =   0.0 from L=   21,  Acc. loss =  0.0 D.
 Elastic phase shift   1 =   15.095  10.878 deg. for the L =   21, J =   21.0 channel.
      21.0  0.59127002  0.34399540i: elastic S-matrix  @@      0.02  0   0 F  0
 Reaction Xsec    21.0-/21 @ 1 =  52.000 , Out:   0.000#   4.018    0.118   47.863f


 Total SPIN, PARITY =    22.0 +,      9 chs,      9 cc.  Rmin & Coul turning =    1.8    6.2
   S-matrix    1 =    0.71567   0.30108 for L=   22, J=   22.0 channel on core I =   0.0 from L=   22,  Acc. loss =  0.0 D.
 Elastic phase shift   1 =   11.408   7.250 deg. for the L =   22, J =   22.0 channel.
      22.0  0.71567280  0.30107702i: elastic S-matrix  @@      0.02  0   0 F  0
 Reaction Xsec    22.0+/22 @ 1 =  40.621 , Out:   0.000#   3.034    0.065   37.522f


 Total SPIN, PARITY =    23.0 -,      9 chs,      9 cc.  Rmin & Coul turning =    1.8    6.5
   S-matrix    1 =    0.80821   0.24893 for L=   23, J=   23.0 channel on core I =   0.0 from L=   23,  Acc. loss =  0.0 D.
 Elastic phase shift   1 =    8.559   4.802 deg. for the L =   23, J =   23.0 channel.
      23.0  0.80821254  0.24892849i: elastic S-matrix  @@      0.02  0   0 F  0
 Reaction Xsec    23.0-/23 @ 1 =  30.426 , Out:   0.000#   2.047    0.030   28.349f


 Total SPIN, PARITY =    24.0 +,      9 chs,      9 cc.  Rmin & Coul turning =    1.9    6.8
   S-matrix    1 =    0.87335   0.19772 for L=   24, J=   24.0 channel on core I =   0.0 from L=   24,  Acc. loss =  0.0 D.
 Elastic phase shift   1 =    6.378   3.164 deg. for the L =   24, J =   24.0 channel.
      24.0  0.87335011  0.19771609i: elastic S-matrix  @@      0.02  0   0 F  0
 Reaction Xsec    24.0+/24 @ 1 =  22.070 , Out:   0.000#   1.269    0.012   20.789f


 Total SPIN, PARITY =    25.0 -,      9 chs,      9 cc.  Rmin & Coul turning =    2.0    7.0
   S-matrix    1 =    0.91744   0.15270 for L=   25, J=   25.0 channel on core I =   0.0 from L=   25,  Acc. loss =  0.1 D.
 Elastic phase shift   1 =    4.725   2.077 deg. for the L =   25, J =   25.0 channel.
      25.0  0.91744201  0.15269510i: elastic S-matrix  @@      0.02  0   0 F  0
 Reaction Xsec    25.0-/25 @ 1 =  15.647 , Out:   0.000#   0.741    4.079/  14.901f


 Total SPIN, PARITY =    26.0 +,      9 chs,      9 cc.  Rmin & Coul turning =    2.1    7.3
   S-matrix    1 =    0.94653   0.11569 for L=   26, J=   26.0 channel on core I =   0.0 from L=   26,  Acc. loss =  0.1 D.
 Elastic phase shift   1 =    3.484   1.362 deg. for the L =   26, J =   26.0 channel.
      26.0  0.94652873  0.11569068i: elastic S-matrix  @@      0.02  0   0 F  0
 Reaction Xsec    26.0+/26 @ 1 =  10.926 , Out:   0.000#   0.417    1.269/  10.507f


 Total SPIN, PARITY =    27.0 -,      9 chs,      9 cc.  Rmin & Coul turning =    2.1    7.6
   S-matrix    1 =    0.96543   0.08655 for L=   27, J=   27.0 channel on core I =   0.0 from L=   27,  Acc. loss =  0.0 D.
 Elastic phase shift   1 =    2.561   0.893 deg. for the L =   27, J =   27.0 channel.
      27.0  0.96543297  0.08654666i: elastic S-matrix  @@      0.02  0   0 F  0
 Reaction Xsec    27.0-/27 @ 1 =   7.556 , Out:   0.000#   0.229    0.370/   7.327f


 Total SPIN, PARITY =    28.0 +,      9 chs,      9 cc.  Rmin & Coul turning =    2.2    7.8
   S-matrix    1 =    0.97763   0.06421 for L=   28, J=   28.0 channel on core I =   0.0 from L=   28,  Acc. loss =  0.1 D.
 Elastic phase shift   1 =    1.879   0.586 deg. for the L =   28, J =   28.0 channel.
      28.0  0.97763449  0.06421005i: elastic S-matrix  @@      0.02  0   0 F  0
 Reaction Xsec    28.0+/28 @ 1 =   5.196 , Out:   0.000#   0.124    0.104/   5.072f


 Total SPIN, PARITY =    29.0 -,      9 chs,      9 cc.  Rmin & Coul turning =    2.3    8.1
   S-matrix    1 =    0.98550   0.04738 for L=   29, J=   29.0 channel on core I =   0.0 from L=   29,  Acc. loss =  0.1 D.
 Elastic phase shift   1 =    1.376   0.385 deg. for the L =   29, J =   29.0 channel.
      29.0  0.98549612  0.04738381i: elastic S-matrix  @@      0.02  0   0 F  0
 Reaction Xsec    29.0-/29 @ 1 =   3.561 , Out:   0.000#   0.067    0.029/   3.494f


 Total SPIN, PARITY =    30.0 +,      9 chs,      9 cc.  Rmin & Coul turning =    2.4    8.4
   S-matrix    1 =    0.99057   0.03485 for L=   30, J=   30.0 channel on core I =   0.0 from L=   30,  Acc. loss =  0.0 D.
 Elastic phase shift   1 =    1.007   0.254 deg. for the L =   30, J =   30.0 channel.
      30.0  0.99056777  0.03484612i: elastic S-matrix  @@      0.02  0   0 F  0
 Reaction Xsec    30.0+/30 @ 1 =   2.435 , Out:   0.000#   0.036    7.809#   2.399f


 Total SPIN, PARITY =    31.0 -,      9 chs,      9 cc.  Rmin & Coul turning =    2.5    8.6
   S-matrix    1 =    0.99385   0.02557 for L=   31, J=   31.0 channel on core I =   0.0 from L=   31,  Acc. loss =  0.1 D.
 Elastic phase shift   1 =    0.737   0.167 deg. for the L =   31, J =   31.0 channel.
      31.0  0.99384843  0.02556803i: elastic S-matrix  @@      0.02  0   0 F  0
 Reaction Xsec    31.0-/31 @ 1 =   1.663 , Out:   0.000#   0.019    2.139#   1.643f


 Total SPIN, PARITY =    32.0 +,      9 chs,      9 cc.  Rmin & Coul turning =    2.6    8.9
   S-matrix    1 =    0.99598   0.01873 for L=   32, J=   32.0 channel on core I =   0.0 from L=   32,  Acc. loss =  0.1 D.
 Elastic phase shift   1 =    0.539   0.110 deg. for the L =   32, J =   32.0 channel.
      32.0  0.99597746  0.01873198i: elastic S-matrix  @@      0.02  0   0 F  0
 Reaction Xsec    32.0+/32 @ 1 =   1.134 , Out:   0.000#   0.010    0.588#   1.124f


 Total SPIN, PARITY =    33.0 -,      9 chs,      9 cc.  Rmin & Coul turning =    2.6    9.2
   S-matrix    1 =    0.99736   0.01371 for L=   33, J=   33.0 channel on core I =   0.0 from L=   33,  Acc. loss =  0.0 D.
 Elastic phase shift   1 =    0.394   0.073 deg. for the L =   33, J =   33.0 channel.
      33.0  0.99736359  0.01370952i: elastic S-matrix  @@      0.02  0   0 F  0
 Reaction Xsec    33.0-/33 @ 1 =   0.773 , Out:   0.000#   5.648/   0.163#   0.768f


 Total SPIN, PARITY =    34.0 +,      9 chs,      9 cc.  Rmin & Coul turning =    2.7    9.4
   S-matrix    1 =    0.99827   0.01003 for L=   34, J=   34.0 channel on core I =   0.0 from L=   34,  Acc. loss =  0.0 D.
 Elastic phase shift   1 =    0.288   0.048 deg. for the L =   34, J =   34.0 channel.
      34.0  0.99826872  0.01002624i: elastic S-matrix  @@      0.02  0   0 F  0
 Reaction Xsec    34.0+/34 @ 1 =   0.527 , Out:   0.000#   3.054/   0.045#   0.524f


 Total SPIN, PARITY =    35.0 -,      9 chs,      9 cc.  Rmin & Coul turning =    2.8    9.7
   S-matrix    1 =    0.99886   0.00733 for L=   35, J=   35.0 channel on core I =   0.0 from L=   35,  Acc. loss =  0.0 D.
 Elastic phase shift   1 =    0.210   0.032 deg. for the L =   35, J =   35.0 channel.
      35.0  0.99886131  0.00732838i: elastic S-matrix  @@      0.02  0   0 F  0
 Reaction Xsec    35.0-/35 @ 1 =   0.359 , Out:   0.000#   1.654/   0.013#   0.357f

 Finished all CC sets @  0.67777
0CUMULATIVE REACTION cross section                 = 1141.61390  <L> =    14.90  <L**2> =    257.8
0CUMULATIVE outgoing cross sections in partition 1 :    0.00000   29.04315    2.01245
0Cumulative ABSORBTION by Imaginary Potentials     = 1110.55830  <L> =    14.77  <L**2> =    253.8
   Fusion for specific ALPHA    M-states : 1110.558297
0CUMULATIVE OUTGOING cross section                 =   31.05560
 To convert to S-factors (MeV.mb = keV.b),  multiply by  4.2033E+03


 CROSS SECTIONS FOR OUTGOING ALPHA    & NE-20    in state #   1 with spins & parities 0.0  + &  0.0  +;  0

     0.01 deg.: X-S =   1.1903E+15 mb/sr,
+                                         /R =   9.9999E-01
     1.00 deg.: X-S =   1.0896E+07 mb/sr,
+                                         /R =   9.1537E-01
     2.00 deg.: X-S =   4.6656E+05 mb/sr,
+                                         /R =   6.2704E-01
     3.00 deg.: X-S =   7.4595E+04 mb/sr,
+                                         /R =   5.0740E-01
     4.00 deg.: X-S =   3.2480E+04 mb/sr,
+                                         /R =   6.9800E-01
     5.00 deg.: X-S =   2.0074E+04 mb/sr,
+                                         /R =   1.0527E+00
     6.00 deg.: X-S =   1.1874E+04 mb/sr,
+                                         /R =   1.2905E+00
     7.00 deg.: X-S =  5993.632772 mb/sr,
+                                         /R =   1.2060E+00
     8.00 deg.: X-S =  2367.888219 mb/sr,
+                                         /R =   8.1220E-01
     9.00 deg.: X-S =   596.886331 mb/sr,
+                                         /R =   3.2767E-01
    10.00 deg.: X-S =    36.305376 mb/sr,
+                                         /R =   3.0347E-02
    11.00 deg.: X-S =    68.282045 mb/sr,
+                                         /R =   8.3476E-02
    12.00 deg.: X-S =   258.594693 mb/sr,
+                                         /R =   4.4722E-01
    13.00 deg.: X-S =   386.307800 mb/sr,
+                                         /R =   9.1904E-01
    14.00 deg.: X-S =   394.235331 mb/sr,
+                                         /R =   1.2598E+00
    15.00 deg.: X-S =   314.021225 mb/sr,
+                                         /R =   1.3204E+00
    16.00 deg.: X-S =   202.721616 mb/sr,
+                                         /R =   1.1018E+00
    17.00 deg.: X-S =   105.723634 mb/sr,
+                                         /R =   7.3105E-01
    18.00 deg.: X-S =    44.322983 mb/sr,
+                                         /R =   3.8453E-01
    19.00 deg.: X-S =    18.827165 mb/sr,
+                                         /R =   2.0239E-01
    20.00 deg.: X-S =    17.778971 mb/sr,
+                                         /R =   2.3418E-01
    21.00 deg.: X-S =    26.988377 mb/sr,
+                                         /R =   4.3120E-01
    22.00 deg.: X-S =    35.477379 mb/sr,
+                                         /R =   6.8126E-01
    23.00 deg.: X-S =    37.831837 mb/sr,
+                                         /R =   8.6585E-01
    24.00 deg.: X-S =    33.723011 mb/sr,
+                                         /R =   9.1287E-01
    25.00 deg.: X-S =    25.859702 mb/sr,
+                                         /R =   8.2212E-01
    26.00 deg.: X-S =    17.646597 mb/sr,
+                                         /R =   6.5460E-01
    27.00 deg.: X-S =    11.497570 mb/sr,
+                                         /R =   4.9467E-01
    28.00 deg.: X-S =     8.212574 mb/sr,
+                                         /R =   4.0752E-01
    29.00 deg.: X-S =     7.275567 mb/sr,
+                                         /R =   4.1422E-01
    30.00 deg.: X-S =     7.589936 mb/sr,
+                                         /R =   4.9339E-01
    31.00 deg.: X-S =     8.147706 mb/sr,
+                                         /R =   6.0200E-01
    32.00 deg.: X-S =     8.357773 mb/sr,
+                                         /R =   6.9889E-01
    33.00 deg.: X-S =     8.042504 mb/sr,
+                                         /R =   7.5810E-01
    34.00 deg.: X-S =     7.275695 mb/sr,
+                                         /R =   7.7016E-01
    35.00 deg.: X-S =     6.228787 mb/sr,
+                                         /R =   7.3780E-01
    36.00 deg.: X-S =     5.090496 mb/sr,
+                                         /R =   6.7244E-01
    37.00 deg.: X-S =     4.036170 mb/sr,
+                                         /R =   5.9271E-01
    38.00 deg.: X-S =     3.202996 mb/sr,
+                                         /R =   5.2130E-01
    39.00 deg.: X-S =     2.658080 mb/sr,
+                                         /R =   4.7810E-01
    40.00 deg.: X-S =     2.378819 mb/sr,
+                                         /R =   4.7156E-01
    41.00 deg.: X-S =     2.267611 mb/sr,
+                                         /R =   4.9412E-01
    42.00 deg.: X-S =     2.200003 mb/sr,
+                                         /R =   5.2566E-01
    43.00 deg.: X-S =     2.081107 mb/sr,
+                                         /R =   5.4395E-01
    44.00 deg.: X-S =     1.879316 mb/sr,
+                                         /R =   5.3613E-01
    45.00 deg.: X-S =     1.621798 mb/sr,
+                                         /R =   5.0387E-01
    46.00 deg.: X-S =     1.360756 mb/sr,
+                                         /R =   4.5947E-01
    47.00 deg.: X-S =     1.135846 mb/sr,
+                                         /R =   4.1599E-01
    48.00 deg.: X-S =     0.956208 mb/sr,
+                                         /R =   3.7912E-01
    49.00 deg.: X-S =     0.808100 mb/sr,
+                                         /R =   3.4621E-01
    50.00 deg.: X-S =     0.675446 mb/sr,
+                                         /R =   3.1214E-01
    51.00 deg.: X-S =     0.554522 mb/sr,
+                                         /R =   2.7595E-01
    52.00 deg.: X-S =     0.453176 mb/sr,
+                                         /R =   2.4244E-01
    53.00 deg.: X-S =     0.379482 mb/sr,
+                                         /R =   2.1791E-01
    54.00 deg.: X-S =     0.331963 mb/sr,
+                                         /R =   2.0429E-01
    55.00 deg.: X-S =     0.299283 mb/sr,
+                                         /R =   1.9709E-01
    56.00 deg.: X-S =     0.267883 mb/sr,
+                                         /R =   1.8852E-01
    57.00 deg.: X-S =     0.230263 mb/sr,
+                                         /R =   1.7292E-01
    58.00 deg.: X-S =     0.187931 mb/sr,
+                                         /R =   1.5040E-01
    59.00 deg.: X-S =     0.148222 mb/sr,
+                                         /R =   1.2625E-01
    60.00 deg.: X-S =     0.118255 mb/sr,
+                                         /R =   1.0707E-01

 CROSS SECTIONS FOR OUTGOING ALPHA    & NE-20    in state #   2 with spins & parities 0.0  + &  2.0  +;  0

     0.00 deg.: X-S =   115.428434 mb/sr,
+                                         REAC   2.9043E+01 mb
     1.00 deg.: X-S =   107.267709 mb/sr,
     2.00 deg.: X-S =    88.464514 mb/sr,
     3.00 deg.: X-S =    72.435655 mb/sr,
     4.00 deg.: X-S =    71.795769 mb/sr,
     5.00 deg.: X-S =    90.310238 mb/sr,
     6.00 deg.: X-S =   120.287581 mb/sr,
     7.00 deg.: X-S =   146.780111 mb/sr,
     8.00 deg.: X-S =   155.759913 mb/sr,
     9.00 deg.: X-S =   141.320659 mb/sr,
    10.00 deg.: X-S =   108.027281 mb/sr,
    11.00 deg.: X-S =    67.745146 mb/sr,
    12.00 deg.: X-S =    33.393223 mb/sr,
    13.00 deg.: X-S =    13.273356 mb/sr,
    14.00 deg.: X-S =     8.606269 mb/sr,
    15.00 deg.: X-S =    14.712535 mb/sr,
    16.00 deg.: X-S =    24.397378 mb/sr,
    17.00 deg.: X-S =    31.450956 mb/sr,
    18.00 deg.: X-S =    32.735755 mb/sr,
    19.00 deg.: X-S =    28.433348 mb/sr,
    20.00 deg.: X-S =    20.942105 mb/sr,
    21.00 deg.: X-S =    13.292587 mb/sr,
    22.00 deg.: X-S =     7.825968 mb/sr,
    23.00 deg.: X-S =     5.521097 mb/sr,
    24.00 deg.: X-S =     6.000305 mb/sr,
    25.00 deg.: X-S =     8.012995 mb/sr,
    26.00 deg.: X-S =    10.104109 mb/sr,
    27.00 deg.: X-S =    11.191968 mb/sr,
    28.00 deg.: X-S =    10.872383 mb/sr,
    29.00 deg.: X-S =     9.398427 mb/sr,
    30.00 deg.: X-S =     7.414620 mb/sr,
    31.00 deg.: X-S =     5.604634 mb/sr,
    32.00 deg.: X-S =     4.414319 mb/sr,
    33.00 deg.: X-S =     3.944560 mb/sr,
    34.00 deg.: X-S =     4.012383 mb/sr,
    35.00 deg.: X-S =     4.305623 mb/sr,
    36.00 deg.: X-S =     4.537388 mb/sr,
    37.00 deg.: X-S =     4.537513 mb/sr,
    38.00 deg.: X-S =     4.268503 mb/sr,
    39.00 deg.: X-S =     3.790696 mb/sr,
    40.00 deg.: X-S =     3.211107 mb/sr,
    41.00 deg.: X-S =     2.639458 mb/sr,
    42.00 deg.: X-S =     2.159383 mb/sr,
    43.00 deg.: X-S =     1.813902 mb/sr,
    44.00 deg.: X-S =     1.602961 mb/sr,
    45.00 deg.: X-S =     1.491876 mb/sr,
    46.00 deg.: X-S =     1.428384 mb/sr,
    47.00 deg.: X-S =     1.362999 mb/sr,
    48.00 deg.: X-S =     1.265231 mb/sr,
    49.00 deg.: X-S =     1.129760 mb/sr,
    50.00 deg.: X-S =     0.971409 mb/sr,
    51.00 deg.: X-S =     0.813131 mb/sr,
    52.00 deg.: X-S =     0.673951 mb/sr,
    53.00 deg.: X-S =     0.562477 mb/sr,
    54.00 deg.: X-S =     0.477394 mb/sr,
    55.00 deg.: X-S =     0.412250 mb/sr,
    56.00 deg.: X-S =     0.360367 mb/sr,
    57.00 deg.: X-S =     0.317183 mb/sr,
    58.00 deg.: X-S =     0.280018 mb/sr,
    59.00 deg.: X-S =     0.246924 mb/sr,
    60.00 deg.: X-S =     0.216125 mb/sr,

 CROSS SECTIONS FOR OUTGOING ALPHA    & NE-20    in state #   3 with spins & parities 0.0  + &  4.0  +;  0

     0.00 deg.: X-S =     0.585453 mb/sr,
+                                         REAC   2.0125E+00 mb
     1.00 deg.: X-S =     0.536585 mb/sr,
     2.00 deg.: X-S =     0.415498 mb/sr,
     3.00 deg.: X-S =     0.287612 mb/sr,
     4.00 deg.: X-S =     0.230055 mb/sr,
     5.00 deg.: X-S =     0.299472 mb/sr,
     6.00 deg.: X-S =     0.510279 mb/sr,
     7.00 deg.: X-S =     0.832278 mb/sr,
     8.00 deg.: X-S =     1.207023 mb/sr,
     9.00 deg.: X-S =     1.573613 mb/sr,
    10.00 deg.: X-S =     1.891023 mb/sr,
    11.00 deg.: X-S =     2.146939 mb/sr,
    12.00 deg.: X-S =     2.350649 mb/sr,
    13.00 deg.: X-S =     2.515673 mb/sr,
    14.00 deg.: X-S =     2.642549 mb/sr,
    15.00 deg.: X-S =     2.711396 mb/sr,
    16.00 deg.: X-S =     2.688342 mb/sr,
    17.00 deg.: X-S =     2.542665 mb/sr,
    18.00 deg.: X-S =     2.266085 mb/sr,
    19.00 deg.: X-S =     1.884631 mb/sr,
    20.00 deg.: X-S =     1.456918 mb/sr,
    21.00 deg.: X-S =     1.058860 mb/sr,
    22.00 deg.: X-S =     0.760702 mb/sr,
    23.00 deg.: X-S =     0.605336 mb/sr,
    24.00 deg.: X-S =     0.596060 mb/sr,
    25.00 deg.: X-S =     0.697886 mb/sr,
    26.00 deg.: X-S =     0.851138 mb/sr,
    27.00 deg.: X-S =     0.991716 mb/sr,
    28.00 deg.: X-S =     1.070556 mb/sr,
    29.00 deg.: X-S =     1.065920 mb/sr,
    30.00 deg.: X-S =     0.985425 mb/sr,
    31.00 deg.: X-S =     0.858620 mb/sr,
    32.00 deg.: X-S =     0.723966 mb/sr,
    33.00 deg.: X-S =     0.615324 mb/sr,
    34.00 deg.: X-S =     0.552340 mb/sr,
    35.00 deg.: X-S =     0.537066 mb/sr,
    36.00 deg.: X-S =     0.556710 mb/sr,
    37.00 deg.: X-S =     0.590426 mb/sr,
    38.00 deg.: X-S =     0.617220 mb/sr,
    39.00 deg.: X-S =     0.622274 mb/sr,
    40.00 deg.: X-S =     0.600055 mb/sr,
    41.00 deg.: X-S =     0.553976 mb/sr,
    42.00 deg.: X-S =     0.493457 mb/sr,
    43.00 deg.: X-S =     0.429882 mb/sr,
    44.00 deg.: X-S =     0.372924 mb/sr,
    45.00 deg.: X-S =     0.328242 mb/sr,
    46.00 deg.: X-S =     0.296914 mb/sr,
    47.00 deg.: X-S =     0.276331 mb/sr,
    48.00 deg.: X-S =     0.261917 mb/sr,
    49.00 deg.: X-S =     0.248965 mb/sr,
    50.00 deg.: X-S =     0.234012 mb/sr,
    51.00 deg.: X-S =     0.215492 mb/sr,
    52.00 deg.: X-S =     0.193658 mb/sr,
    53.00 deg.: X-S =     0.170019 mb/sr,
    54.00 deg.: X-S =     0.146570 mb/sr,
    55.00 deg.: X-S =     0.125104 mb/sr,
    56.00 deg.: X-S =     0.106776 mb/sr,
    57.00 deg.: X-S =     0.091955 mb/sr,
    58.00 deg.: X-S =     0.080341 mb/sr,
    59.00 deg.: X-S =     0.071218 mb/sr,
    60.00 deg.: X-S =     0.063746 mb/sr,
 Finished all xsecs @  0.682096

  The following files have been created:
   3:local copy of User input.            6:standard output.                   
   7:elastic  S-matrix elements.         13:total cross sections/state.        
  16:tables of cross sections.           35:Astrophysics S-factors  / Ecm.     
  38:cross sections for each J/pi.       39:cross sections for each Ecm.       
  40:all cross sectns. for each Elab.    45:scat phase shift as E functions.   
  56:Fusion for each Jtotal.             75:S-factors for lab energies.        
 201:Separate cross sections.           202:Separate cross sections.           
 203:Separate cross sections.           

 PARAMETERS : MAXQRN   MFNL   MLOC  LMAX1 MCLIST
    ALLOWED :      1     81      5     55      9
    REQUIRED:      0      0      5     40      5


 ACCURACY ANALYSIS at   104.000 MeV :

  Elastic h*k = 0.186 so OK       compared with 0.200

   Real(S-el) > 0.01 first at J =       3.0
   Real(S-el) > 0.10 first at J =      18.0
   Real(S-el) > 0.50 first at J =      21.0
   Real(S-el) > 0.90 first at J =      25.0
   Real(S-el) > 0.99 first at J =      30.0
   R-turn =     9.72 fm    at J =      35.0

 Forward-angle excitation cut off below   1.994 deg by max JT =      35.0
                              and below   0.952 deg by max R.

 Total CPU  0 time =       0.68 seconds
